2025-10-23T13:12:02.779-04:00  INFO 34900 --- [move] [main] com.next.move.MoveApplication            : Starting MoveApplication using Java 24.0.1 with PID 34900 (C:\Users\arash\OneDrive\Desktop\Next Move\move2\target\classes started by arash in C:\Users\arash\OneDrive\Desktop\Next Move\move2)
2025-10-23T13:12:02.799-04:00 DEBUG 34900 --- [move] [main] com.next.move.MoveApplication            : Running with Spring Boot v3.5.4, Spring v6.2.9
2025-10-23T13:12:02.801-04:00  INFO 34900 --- [move] [main] com.next.move.MoveApplication            : The following 1 profile is active: "dev"
2025-10-23T13:12:10.955-04:00  WARN 34900 --- [move] [main] org.hibernate.orm.deprecation            : HHH90000025: SQLServerDialect does not need to be specified explicitly using 'hibernate.dialect' (remove the property setting and it will be selected by default)
2025-10-23T13:12:16.883-04:00  INFO 34900 --- [move] [main] r$InitializeUserDetailsManagerConfigurer : Global AuthenticationManager configured with UserDetailsService bean with name userDetailsService
2025-10-23T13:12:20.287-04:00  WARN 34900 --- [move] [main] JpaBaseConfiguration$JpaWebConfiguration : spring.jpa.open-in-view is enabled by default. Therefore, database queries may be performed during view rendering. Explicitly configure spring.jpa.open-in-view to disable this warning
2025-10-23T13:12:21.019-04:00 DEBUG 34900 --- [move] [main] o.s.s.web.DefaultSecurityFilterChain     : Will secure any request with filters: DisableEncodeUrlFilter, WebAsyncManagerIntegrationFilter, SecurityContextHolderFilter, HeaderWriterFilter, CorsFilter, LogoutFilter, OAuth2AuthorizationRequestRedirectFilter, OAuth2LoginAuthenticationFilter, JwtAuthenticationFilter, RequestCacheAwareFilter, SecurityContextHolderAwareRequestFilter, AnonymousAuthenticationFilter, SessionManagementFilter, ExceptionTranslationFilter, AuthorizationFilter
2025-10-23T13:12:21.879-04:00  INFO 34900 --- [move] [main] com.next.move.MoveApplication            : Started MoveApplication in 20.431 seconds (process running for 21.686)
2025-10-23T13:15:18.856-04:00 DEBUG 34900 --- [move] [http-nio-8080-exec-1] o.s.security.web.FilterChainProxy        : Securing OPTIONS /api/auth/refresh
2025-10-23T13:15:18.898-04:00 DEBUG 34900 --- [move] [http-nio-8080-exec-2] o.s.security.web.FilterChainProxy        : Securing POST /api/auth/refresh
2025-10-23T13:15:18.910-04:00 DEBUG 34900 --- [move] [http-nio-8080-exec-2] o.s.s.w.a.AnonymousAuthenticationFilter  : Set SecurityContextHolder to anonymous SecurityContext
2025-10-23T13:15:18.910-04:00 DEBUG 34900 --- [move] [http-nio-8080-exec-2] o.s.s.w.session.SessionManagementFilter  : Request requested invalid session id 8611BB04BF49262F5A7B49543B97CBCD
2025-10-23T13:15:18.917-04:00 DEBUG 34900 --- [move] [http-nio-8080-exec-2] o.s.security.web.FilterChainProxy        : Secured POST /api/auth/refresh
2025-10-23T13:15:19.796-04:00 DEBUG 34900 --- [move] [http-nio-8080-exec-4] o.s.security.web.FilterChainProxy        : Securing OPTIONS /api/userprofile
2025-10-23T13:15:19.803-04:00 DEBUG 34900 --- [move] [http-nio-8080-exec-5] o.s.security.web.FilterChainProxy        : Securing GET /api/userprofile
2025-10-23T13:15:20.058-04:00 DEBUG 34900 --- [move] [http-nio-8080-exec-5] o.s.security.web.FilterChainProxy        : Secured GET /api/userprofile
2025-10-23T13:16:10.817-04:00 DEBUG 34900 --- [move] [http-nio-8080-exec-8] o.s.security.web.FilterChainProxy        : Securing OPTIONS /api/auth/logout
2025-10-23T13:16:10.821-04:00 DEBUG 34900 --- [move] [http-nio-8080-exec-9] o.s.security.web.FilterChainProxy        : Securing POST /api/auth/logout
2025-10-23T13:16:10.943-04:00 DEBUG 34900 --- [move] [http-nio-8080-exec-9] o.s.security.web.FilterChainProxy        : Secured POST /api/auth/logout
2025-10-23T13:16:15.470-04:00 DEBUG 34900 --- [move] [http-nio-8080-exec-3] o.s.security.web.FilterChainProxy        : Securing GET /oauth2/authorization/google
2025-10-23T13:16:15.522-04:00 DEBUG 34900 --- [move] [http-nio-8080-exec-3] o.s.s.web.DefaultRedirectStrategy        : Redirecting to https://accounts.google.com/o/oauth2/v2/auth?response_type=code&client_id=1082527571682-2lm7ku45vuq1baaouake6eqkq1cai7rh.apps.googleusercontent.com&scope=openid%20profile%20email&state=vzhzzepRLC-c1jpnBVFSWHQr2DuIvXLXnljCXO-Jh7s%3D&redirect_uri=http://localhost:8080/login/oauth2/code/google&nonce=oUpmZweiknyQ859acXtWwySmKl7LsmToTIe2ZsgvNNo
2025-10-23T13:16:19.006-04:00 DEBUG 34900 --- [move] [http-nio-8080-exec-2] o.s.security.web.FilterChainProxy        : Securing GET /login/oauth2/code/google?state=vzhzzepRLC-c1jpnBVFSWHQr2DuIvXLXnljCXO-Jh7s%3D&code=4%2F0Ab32j919D6WA9dVaDykCr2BuB0Gh8_XZq4K0iIDIg0xg8ulSGEC9ZeS8fI7C_zpfG6Cfqw&scope=email+profile+openid+https%3A%2F%2Fwww.googleapis.com%2Fauth%2Fuserinfo.profile+https%3A%2F%2Fwww.googleapis.com%2Fauth%2Fuserinfo.email&authuser=1&hd=profitsmoothies.com&prompt=none
2025-10-23T13:16:19.749-04:00 DEBUG 34900 --- [move] [http-nio-8080-exec-2] .s.ChangeSessionIdAuthenticationStrategy : Changed session id from 0A02F2C947C8D9FF2630BB87EC0511B4
2025-10-23T13:16:19.749-04:00 DEBUG 34900 --- [move] [http-nio-8080-exec-2] .s.o.c.w.OAuth2LoginAuthenticationFilter : Set SecurityContextHolder to OAuth2AuthenticationToken [Principal=Name: [110534465410343700587], Granted Authorities: [[OIDC_USER, SCOPE_https://www.googleapis.com/auth/userinfo.email, SCOPE_https://www.googleapis.com/auth/userinfo.profile, SCOPE_openid]], User Attributes: [{at_hash=mU0uIu8P_vn1QzucptwdfQ, sub=110534465410343700587, email_verified=true, iss=https://accounts.google.com, given_name=Farid, nonce=oUpmZweiknyQ859acXtWwySmKl7LsmToTIe2ZsgvNNo, picture=https://lh3.googleusercontent.com/a/ACg8ocLYX3GK262MhIkpkmf7XWdRu0xGRYnmJQgvUTYz9Kqb1y4shg=s96-c, aud=[1082527571682-2lm7ku45vuq1baaouake6eqkq1cai7rh.apps.googleusercontent.com], azp=1082527571682-2lm7ku45vuq1baaouake6eqkq1cai7rh.apps.googleusercontent.com, name=Farid MARANDI, hd=profitsmoothies.com, exp=2025-10-23T18:16:19Z, family_name=MARANDI, iat=2025-10-23T17:16:19Z, email=farid@profitsmoothies.com}], Credentials=[PROTECTED], Authenticated=true, Details=WebAuthenticationDetails [RemoteIpAddress=0:0:0:0:0:0:0:1, SessionId=0A02F2C947C8D9FF2630BB87EC0511B4], Granted Authorities=[OIDC_USER, SCOPE_https://www.googleapis.com/auth/userinfo.email, SCOPE_https://www.googleapis.com/auth/userinfo.profile, SCOPE_openid]]
2025-10-23T13:16:19.953-04:00 DEBUG 34900 --- [move] [http-nio-8080-exec-4] o.s.security.web.FilterChainProxy        : Securing OPTIONS /api/userprofile
2025-10-23T13:16:19.960-04:00 DEBUG 34900 --- [move] [http-nio-8080-exec-5] o.s.security.web.FilterChainProxy        : Securing GET /api/userprofile
2025-10-23T13:16:20.045-04:00 DEBUG 34900 --- [move] [http-nio-8080-exec-5] o.s.security.web.FilterChainProxy        : Secured GET /api/userprofile
2025-10-23T13:17:06.048-04:00 DEBUG 34900 --- [move] [http-nio-8080-exec-9] o.s.security.web.FilterChainProxy        : Securing GET /api/planner?goal=selling%20the%20house%20in%2043%20Elm%20Ave
2025-10-23T13:17:06.053-04:00 DEBUG 34900 --- [move] [http-nio-8080-exec-9] o.s.s.w.a.AnonymousAuthenticationFilter  : Set SecurityContextHolder to anonymous SecurityContext
2025-10-23T13:17:06.053-04:00 DEBUG 34900 --- [move] [http-nio-8080-exec-9] o.s.security.web.FilterChainProxy        : Secured GET /api/planner?goal=selling%20the%20house%20in%2043%20Elm%20Ave
2025-10-23T13:17:13.521-04:00 DEBUG 34900 --- [move] [http-nio-8080-exec-1] o.s.security.web.FilterChainProxy        : Securing OPTIONS /api/update
2025-10-23T13:17:13.529-04:00 DEBUG 34900 --- [move] [http-nio-8080-exec-10] o.s.security.web.FilterChainProxy        : Securing POST /api/update
2025-10-23T13:17:13.600-04:00 DEBUG 34900 --- [move] [http-nio-8080-exec-10] o.s.security.web.FilterChainProxy        : Secured POST /api/update
2025-10-23T13:18:14.545-04:00 DEBUG 34900 --- [move] [http-nio-8080-exec-2] o.s.security.web.FilterChainProxy        : Securing OPTIONS /api/notification
2025-10-23T13:18:14.551-04:00 DEBUG 34900 --- [move] [http-nio-8080-exec-4] o.s.security.web.FilterChainProxy        : Securing POST /api/notification
2025-10-23T13:18:14.604-04:00 DEBUG 34900 --- [move] [http-nio-8080-exec-4] o.s.security.web.FilterChainProxy        : Secured POST /api/notification
2025-10-23T13:19:14.546-04:00 DEBUG 34900 --- [move] [http-nio-8080-exec-7] o.s.security.web.FilterChainProxy        : Securing OPTIONS /api/notification
2025-10-23T13:19:14.554-04:00 DEBUG 34900 --- [move] [http-nio-8080-exec-6] o.s.security.web.FilterChainProxy        : Securing POST /api/notification
2025-10-23T13:19:14.619-04:00 DEBUG 34900 --- [move] [http-nio-8080-exec-6] o.s.security.web.FilterChainProxy        : Secured POST /api/notification
2025-10-23T13:20:13.844-04:00 DEBUG 34900 --- [move] [http-nio-8080-exec-9] o.s.security.web.FilterChainProxy        : Securing OPTIONS /api/notification
2025-10-23T13:20:13.850-04:00 DEBUG 34900 --- [move] [http-nio-8080-exec-9] o.s.security.web.FilterChainProxy        : Securing POST /api/notification
2025-10-23T13:20:13.903-04:00 DEBUG 34900 --- [move] [http-nio-8080-exec-9] o.s.security.web.FilterChainProxy        : Secured POST /api/notification
2025-10-23T13:20:16.969-04:00 DEBUG 34900 --- [move] [http-nio-8080-exec-10] o.s.security.web.FilterChainProxy        : Securing OPTIONS /api/goal/pause
2025-10-23T13:20:16.974-04:00 DEBUG 34900 --- [move] [http-nio-8080-exec-3] o.s.security.web.FilterChainProxy        : Securing POST /api/goal/pause
2025-10-23T13:20:17.022-04:00 DEBUG 34900 --- [move] [http-nio-8080-exec-3] o.s.security.web.FilterChainProxy        : Secured POST /api/goal/pause
2025-10-23T13:21:23.838-04:00 DEBUG 34900 --- [move] [http-nio-8080-exec-4] o.s.security.web.FilterChainProxy        : Securing OPTIONS /api/auth/refresh
2025-10-23T13:21:23.840-04:00 DEBUG 34900 --- [move] [http-nio-8080-exec-5] o.s.security.web.FilterChainProxy        : Securing POST /api/auth/refresh
2025-10-23T13:21:23.844-04:00 DEBUG 34900 --- [move] [http-nio-8080-exec-5] o.s.s.w.a.AnonymousAuthenticationFilter  : Set SecurityContextHolder to anonymous SecurityContext
2025-10-23T13:21:23.844-04:00 DEBUG 34900 --- [move] [http-nio-8080-exec-5] o.s.security.web.FilterChainProxy        : Secured POST /api/auth/refresh
2025-10-23T13:21:24.021-04:00 DEBUG 34900 --- [move] [http-nio-8080-exec-7] o.s.security.web.FilterChainProxy        : Securing OPTIONS /api/userprofile
2025-10-23T13:21:24.021-04:00 DEBUG 34900 --- [move] [http-nio-8080-exec-6] o.s.security.web.FilterChainProxy        : Securing GET /api/userprofile
2025-10-23T13:21:24.068-04:00 DEBUG 34900 --- [move] [http-nio-8080-exec-6] o.s.security.web.FilterChainProxy        : Secured GET /api/userprofile
2025-10-23T13:21:28.903-04:00 DEBUG 34900 --- [move] [http-nio-8080-exec-1] o.s.security.web.FilterChainProxy        : Securing OPTIONS /api/goal/restart
2025-10-23T13:21:28.907-04:00 DEBUG 34900 --- [move] [http-nio-8080-exec-10] o.s.security.web.FilterChainProxy        : Securing POST /api/goal/restart
2025-10-23T13:21:28.954-04:00 DEBUG 34900 --- [move] [http-nio-8080-exec-10] o.s.security.web.FilterChainProxy        : Secured POST /api/goal/restart
2025-10-23T13:21:46.728-04:00 DEBUG 34900 --- [move] [http-nio-8080-exec-3] o.s.security.web.FilterChainProxy        : Securing OPTIONS /api/auth/refresh
2025-10-23T13:21:46.733-04:00 DEBUG 34900 --- [move] [http-nio-8080-exec-2] o.s.security.web.FilterChainProxy        : Securing POST /api/auth/refresh
2025-10-23T13:21:46.735-04:00 DEBUG 34900 --- [move] [http-nio-8080-exec-2] o.s.s.w.a.AnonymousAuthenticationFilter  : Set SecurityContextHolder to anonymous SecurityContext
2025-10-23T13:21:46.735-04:00 DEBUG 34900 --- [move] [http-nio-8080-exec-2] o.s.security.web.FilterChainProxy        : Secured POST /api/auth/refresh
2025-10-23T13:21:46.816-04:00 DEBUG 34900 --- [move] [http-nio-8080-exec-4] o.s.security.web.FilterChainProxy        : Securing OPTIONS /api/userprofile
2025-10-23T13:21:46.821-04:00 DEBUG 34900 --- [move] [http-nio-8080-exec-5] o.s.security.web.FilterChainProxy        : Securing GET /api/userprofile
2025-10-23T13:21:46.865-04:00 DEBUG 34900 --- [move] [http-nio-8080-exec-5] o.s.security.web.FilterChainProxy        : Secured GET /api/userprofile
2025-10-23T13:21:54.228-04:00 DEBUG 34900 --- [move] [http-nio-8080-exec-7] o.s.security.web.FilterChainProxy        : Securing OPTIONS /api/goal/pause
2025-10-23T13:21:54.232-04:00 DEBUG 34900 --- [move] [http-nio-8080-exec-6] o.s.security.web.FilterChainProxy        : Securing POST /api/goal/pause
2025-10-23T13:21:54.278-04:00 DEBUG 34900 --- [move] [http-nio-8080-exec-6] o.s.security.web.FilterChainProxy        : Secured POST /api/goal/pause
2025-10-23T13:50:29.545-04:00  INFO 37756 --- [move] [main] com.next.move.MoveApplication            : Starting MoveApplication using Java 24.0.1 with PID 37756 (C:\Users\arash\OneDrive\Desktop\Next Move\move2\target\classes started by arash in C:\Users\arash\OneDrive\Desktop\Next Move\move2)
2025-10-23T13:50:29.549-04:00 DEBUG 37756 --- [move] [main] com.next.move.MoveApplication            : Running with Spring Boot v3.5.4, Spring v6.2.9
2025-10-23T13:50:29.551-04:00  INFO 37756 --- [move] [main] com.next.move.MoveApplication            : The following 1 profile is active: "dev"
2025-10-23T13:50:36.682-04:00  WARN 37756 --- [move] [main] org.hibernate.orm.deprecation            : HHH90000025: SQLServerDialect does not need to be specified explicitly using 'hibernate.dialect' (remove the property setting and it will be selected by default)
2025-10-23T13:50:41.492-04:00  INFO 37756 --- [move] [main] r$InitializeUserDetailsManagerConfigurer : Global AuthenticationManager configured with UserDetailsService bean with name userDetailsService
2025-10-23T13:50:44.234-04:00  WARN 37756 --- [move] [main] JpaBaseConfiguration$JpaWebConfiguration : spring.jpa.open-in-view is enabled by default. Therefore, database queries may be performed during view rendering. Explicitly configure spring.jpa.open-in-view to disable this warning
2025-10-23T13:50:44.864-04:00 DEBUG 37756 --- [move] [main] o.s.s.web.DefaultSecurityFilterChain     : Will secure any request with filters: DisableEncodeUrlFilter, WebAsyncManagerIntegrationFilter, SecurityContextHolderFilter, HeaderWriterFilter, CorsFilter, LogoutFilter, OAuth2AuthorizationRequestRedirectFilter, OAuth2LoginAuthenticationFilter, JwtAuthenticationFilter, RequestCacheAwareFilter, SecurityContextHolderAwareRequestFilter, AnonymousAuthenticationFilter, SessionManagementFilter, ExceptionTranslationFilter, AuthorizationFilter
2025-10-23T13:50:45.628-04:00  INFO 37756 --- [move] [main] com.next.move.MoveApplication            : Started MoveApplication in 17.265 seconds (process running for 18.26)
2025-10-23T14:08:22.149-04:00  WARN 37756 --- [move] [HikariPool-1:housekeeper] com.zaxxer.hikari.pool.HikariPool        : HikariPool-1 - Thread starvation or clock leap detected (housekeeper delta=16m15s537ms91µs800ns).
2025-10-23T14:21:53.373-04:00  INFO 27284 --- [move] [main] com.next.move.MoveApplication            : Starting MoveApplication using Java 24.0.1 with PID 27284 (C:\Users\arash\OneDrive\Desktop\Next Move\move2\target\classes started by arash in C:\Users\arash\OneDrive\Desktop\Next Move\move2)
2025-10-23T14:21:53.377-04:00 DEBUG 27284 --- [move] [main] com.next.move.MoveApplication            : Running with Spring Boot v3.5.4, Spring v6.2.9
2025-10-23T14:21:53.378-04:00  INFO 27284 --- [move] [main] com.next.move.MoveApplication            : The following 1 profile is active: "dev"
2025-10-23T14:22:01.023-04:00  WARN 27284 --- [move] [main] org.hibernate.orm.deprecation            : HHH90000025: SQLServerDialect does not need to be specified explicitly using 'hibernate.dialect' (remove the property setting and it will be selected by default)
2025-10-23T14:22:05.828-04:00  INFO 27284 --- [move] [main] r$InitializeUserDetailsManagerConfigurer : Global AuthenticationManager configured with UserDetailsService bean with name userDetailsService
2025-10-23T14:22:08.602-04:00  WARN 27284 --- [move] [main] JpaBaseConfiguration$JpaWebConfiguration : spring.jpa.open-in-view is enabled by default. Therefore, database queries may be performed during view rendering. Explicitly configure spring.jpa.open-in-view to disable this warning
2025-10-23T14:22:09.254-04:00 DEBUG 27284 --- [move] [main] o.s.s.web.DefaultSecurityFilterChain     : Will secure any request with filters: DisableEncodeUrlFilter, WebAsyncManagerIntegrationFilter, SecurityContextHolderFilter, HeaderWriterFilter, CorsFilter, LogoutFilter, OAuth2AuthorizationRequestRedirectFilter, OAuth2LoginAuthenticationFilter, JwtAuthenticationFilter, RequestCacheAwareFilter, SecurityContextHolderAwareRequestFilter, AnonymousAuthenticationFilter, SessionManagementFilter, ExceptionTranslationFilter, AuthorizationFilter
2025-10-23T14:22:10.101-04:00  INFO 27284 --- [move] [main] com.next.move.MoveApplication            : Started MoveApplication in 17.991 seconds (process running for 19.193)
